%!Adobe-FontList 1.25
%Locale:0x409

%BeginFont
Handler:DirectoryHandler
FontType:Invalid
OutlineFileName:C:\Projects\MelodicaTrainer\public\Font\Bravura-FONTLOG.txt
FileModTime:1778608649
%EndFont

%BeginFont
Handler:DirectoryHandler
FontType:Invalid
OutlineFileName:C:\Projects\MelodicaTrainer\public\Font\Bravura-OFL-FAQ.txt
FileModTime:1778608650
%EndFont

%BeginFont
Handler:DirectoryHandler
FontType:Invalid
OutlineFileName:C:\Projects\MelodicaTrainer\public\Font\Bravura-OFL.txt
FileModTime:1778608650
%EndFont

%BeginFont
Handler:DirectoryHandler
FontType:Invalid
OutlineFileName:C:\Projects\MelodicaTrainer\public\Font\Bravura.eot
FileModTime:1778608562
%EndFont

%BeginFont
Handler:DirectoryHandler
FontType:Type1
FontName:Bravura
FamilyName:Bravura
StyleName:Regular
FullName:Bravura
MenuName:Bravura
StyleBits:0
WritingScript:Roman
OutlineFileName:C:\Projects\MelodicaTrainer\public\Font\Bravura.otf
DataFormat:sfntData
UsesStandardEncoding:yes
isCFF:yes
hasSVG:no
hasCOLR:no
VariableFontType:NonVariableFont
FileLength:507976
FileModTime:1778608648
WeightClass:400
WidthClass:5
AngleClass:0
NameArray:0,Mac,4,Bravura
NameArray:0,Win,1,Bravura
%EndFont

%BeginFont
Handler:DirectoryHandler
FontType:Invalid
OutlineFileName:C:\Projects\MelodicaTrainer\public\Font\Bravura.svg
FileModTime:1778608648
%EndFont

%BeginFont
Handler:DirectoryHandler
FontType:Invalid
OutlineFileName:C:\Projects\MelodicaTrainer\public\Font\Bravura.woff
FileModTime:1778608650
%EndFont

%BeginFont
Handler:DirectoryHandler
FontType:Invalid
OutlineFileName:C:\Projects\MelodicaTrainer\public\Font\Bravura.woff2
FileModTime:1778608650
%EndFont

